{0: [+5 Dexterity Vest, -21, 0, Aged Brie, -29, 50, Elixir of the Mongoose, -26, 0, Sulfuras, Hand of Ragnaros, 0, 80, Sulfuras, Hand of Ragnaros, -1, 80, Backstage passes to a TAFKAL80ETC concert, -16, 0, Backstage passes to a TAFKAL80ETC concert, -21, 0, Backstage passes to a TAFKAL80ETC concert, -26, 0, Conjured Mana Cake, -28, 0], 1: [+5 Dexterity Vest, -21, 0, Aged Brie, -29, 50, Elixir of the Mongoose, -26, 0, Sulfuras, Hand of Ragnaros, 0, 80, Sulfuras, Hand of Ragnaros, -1, 80, Backstage passes to a TAFKAL80ETC concert, -16, 0, Backstage passes to a TAFKAL80ETC concert, -21, 0, Backstage passes to a TAFKAL80ETC concert, -26, 0, Conjured Mana Cake, -28, 0], 2: [+5 Dexterity Vest, -21, 0, Aged Brie, -29, 50, Elixir of the Mongoose, -26, 0, Sulfuras, Hand of Ragnaros, 0, 80, Sulfuras, Hand of Ragnaros, -1, 80, Backstage passes to a TAFKAL80ETC concert, -16, 0, Backstage passes to a TAFKAL80ETC concert, -21, 0, Backstage passes to a TAFKAL80ETC concert, -26, 0, Conjured Mana Cake, -28, 0], 3: [+5 Dexterity Vest, -21, 0, Aged Brie, -29, 50, Elixir of the Mongoose, -26, 0, Sulfuras, Hand of Ragnaros, 0, 80, Sulfuras, Hand of Ragnaros, -1, 80, Backstage passes to a TAFKAL80ETC concert, -16, 0, Backstage passes to a TAFKAL80ETC concert, -21, 0, Backstage passes to a TAFKAL80ETC concert, -26, 0, Conjured Mana Cake, -28, 0], 4: [+5 Dexterity Vest, -21, 0, Aged Brie, -29, 50, Elixir of the Mongoose, -26, 0, Sulfuras, Hand of Ragnaros, 0, 80, Sulfuras, Hand of Ragnaros, -1, 80, Backstage passes to a TAFKAL80ETC concert, -16, 0, Backstage passes to a TAFKAL80ETC concert, -21, 0, Backstage passes to a TAFKAL80ETC concert, -26, 0, Conjured Mana Cake, -28, 0], 5: [+5 Dexterity Vest, -21, 0, Aged Brie, -29, 50, Elixir of the Mongoose, -26, 0, Sulfuras, Hand of Ragnaros, 0, 80, Sulfuras, Hand of Ragnaros, -1, 80, Backstage passes to a TAFKAL80ETC concert, -16, 0, Backstage passes to a TAFKAL80ETC concert, -21, 0, Backstage passes to a TAFKAL80ETC concert, -26, 0, Conjured Mana Cake, -28, 0], 6: [+5 Dexterity Vest, -21, 0, Aged Brie, -29, 50, Elixir of the Mongoose, -26, 0, Sulfuras, Hand of Ragnaros, 0, 80, Sulfuras, Hand of Ragnaros, -1, 80, Backstage passes to a TAFKAL80ETC concert, -16, 0, Backstage passes to a TAFKAL80ETC concert, -21, 0, Backstage passes to a TAFKAL80ETC concert, -26, 0, Conjured Mana Cake, -28, 0], 7: [+5 Dexterity Vest, -21, 0, Aged Brie, -29, 50, Elixir of the Mongoose, -26, 0, Sulfuras, Hand of Ragnaros, 0, 80, Sulfuras, Hand of Ragnaros, -1, 80, Backstage passes to a TAFKAL80ETC concert, -16, 0, Backstage passes to a TAFKAL80ETC concert, -21, 0, Backstage passes to a TAFKAL80ETC concert, -26, 0, Conjured Mana Cake, -28, 0], 8: [+5 Dexterity Vest, -21, 0, Aged Brie, -29, 50, Elixir of the Mongoose, -26, 0, Sulfuras, Hand of Ragnaros, 0, 80, Sulfuras, Hand of Ragnaros, -1, 80, Backstage passes to a TAFKAL80ETC concert, -16, 0, Backstage passes to a TAFKAL80ETC concert, -21, 0, Backstage passes to a TAFKAL80ETC concert, -26, 0, Conjured Mana Cake, -28, 0], 9: [+5 Dexterity Vest, -21, 0, Aged Brie, -29, 50, Elixir of the Mongoose, -26, 0, Sulfuras, Hand of Ragnaros, 0, 80, Sulfuras, Hand of Ragnaros, -1, 80, Backstage passes to a TAFKAL80ETC concert, -16, 0, Backstage passes to a TAFKAL80ETC concert, -21, 0, Backstage passes to a TAFKAL80ETC concert, -26, 0, Conjured Mana Cake, -28, 0], 10: [+5 Dexterity Vest, -21, 0, Aged Brie, -29, 50, Elixir of the Mongoose, -26, 0, Sulfuras, Hand of Ragnaros, 0, 80, Sulfuras, Hand of Ragnaros, -1, 80, Backstage passes to a TAFKAL80ETC concert, -16, 0, Backstage passes to a TAFKAL80ETC concert, -21, 0, Backstage passes to a TAFKAL80ETC concert, -26, 0, Conjured Mana Cake, -28, 0], 11: [+5 Dexterity Vest, -21, 0, Aged Brie, -29, 50, Elixir of the Mongoose, -26, 0, Sulfuras, Hand of Ragnaros, 0, 80, Sulfuras, Hand of Ragnaros, -1, 80, Backstage passes to a TAFKAL80ETC concert, -16, 0, Backstage passes to a TAFKAL80ETC concert, -21, 0, Backstage passes to a TAFKAL80ETC concert, -26, 0, Conjured Mana Cake, -28, 0], 12: [+5 Dexterity Vest, -21, 0, Aged Brie, -29, 50, Elixir of the Mongoose, -26, 0, Sulfuras, Hand of Ragnaros, 0, 80, Sulfuras, Hand of Ragnaros, -1, 80, Backstage passes to a TAFKAL80ETC concert, -16, 0, Backstage passes to a TAFKAL80ETC concert, -21, 0, Backstage passes to a TAFKAL80ETC concert, -26, 0, Conjured Mana Cake, -28, 0], 13: [+5 Dexterity Vest, -21, 0, Aged Brie, -29, 50, Elixir of the Mongoose, -26, 0, Sulfuras, Hand of Ragnaros, 0, 80, Sulfuras, Hand of Ragnaros, -1, 80, Backstage passes to a TAFKAL80ETC concert, -16, 0, Backstage passes to a TAFKAL80ETC concert, -21, 0, Backstage passes to a TAFKAL80ETC concert, -26, 0, Conjured Mana Cake, -28, 0], 14: [+5 Dexterity Vest, -21, 0, Aged Brie, -29, 50, Elixir of the Mongoose, -26, 0, Sulfuras, Hand of Ragnaros, 0, 80, Sulfuras, Hand of Ragnaros, -1, 80, Backstage passes to a TAFKAL80ETC concert, -16, 0, Backstage passes to a TAFKAL80ETC concert, -21, 0, Backstage passes to a TAFKAL80ETC concert, -26, 0, Conjured Mana Cake, -28, 0], 15: [+5 Dexterity Vest, -21, 0, Aged Brie, -29, 50, Elixir of the Mongoose, -26, 0, Sulfuras, Hand of Ragnaros, 0, 80, Sulfuras, Hand of Ragnaros, -1, 80, Backstage passes to a TAFKAL80ETC concert, -16, 0, Backstage passes to a TAFKAL80ETC concert, -21, 0, Backstage passes to a TAFKAL80ETC concert, -26, 0, Conjured Mana Cake, -28, 0], 16: [+5 Dexterity Vest, -21, 0, Aged Brie, -29, 50, Elixir of the Mongoose, -26, 0, Sulfuras, Hand of Ragnaros, 0, 80, Sulfuras, Hand of Ragnaros, -1, 80, Backstage passes to a TAFKAL80ETC concert, -16, 0, Backstage passes to a TAFKAL80ETC concert, -21, 0, Backstage passes to a TAFKAL80ETC concert, -26, 0, Conjured Mana Cake, -28, 0], 17: [+5 Dexterity Vest, -21, 0, Aged Brie, -29, 50, Elixir of the Mongoose, -26, 0, Sulfuras, Hand of Ragnaros, 0, 80, Sulfuras, Hand of Ragnaros, -1, 80, Backstage passes to a TAFKAL80ETC concert, -16, 0, Backstage passes to a TAFKAL80ETC concert, -21, 0, Backstage passes to a TAFKAL80ETC concert, -26, 0, Conjured Mana Cake, -28, 0], 18: [+5 Dexterity Vest, -21, 0, Aged Brie, -29, 50, Elixir of the Mongoose, -26, 0, Sulfuras, Hand of Ragnaros, 0, 80, Sulfuras, Hand of Ragnaros, -1, 80, Backstage passes to a TAFKAL80ETC concert, -16, 0, Backstage passes to a TAFKAL80ETC concert, -21, 0, Backstage passes to a TAFKAL80ETC concert, -26, 0, Conjured Mana Cake, -28, 0], 19: [+5 Dexterity Vest, -21, 0, Aged Brie, -29, 50, Elixir of the Mongoose, -26, 0, Sulfuras, Hand of Ragnaros, 0, 80, Sulfuras, Hand of Ragnaros, -1, 80, Backstage passes to a TAFKAL80ETC concert, -16, 0, Backstage passes to a TAFKAL80ETC concert, -21, 0, Backstage passes to a TAFKAL80ETC concert, -26, 0, Conjured Mana Cake, -28, 0], 20: [+5 Dexterity Vest, -21, 0, Aged Brie, -29, 50, Elixir of the Mongoose, -26, 0, Sulfuras, Hand of Ragnaros, 0, 80, Sulfuras, Hand of Ragnaros, -1, 80, Backstage passes to a TAFKAL80ETC concert, -16, 0, Backstage passes to a TAFKAL80ETC concert, -21, 0, Backstage passes to a TAFKAL80ETC concert, -26, 0, Conjured Mana Cake, -28, 0], 21: [+5 Dexterity Vest, -21, 0, Aged Brie, -29, 50, Elixir of the Mongoose, -26, 0, Sulfuras, Hand of Ragnaros, 0, 80, Sulfuras, Hand of Ragnaros, -1, 80, Backstage passes to a TAFKAL80ETC concert, -16, 0, Backstage passes to a TAFKAL80ETC concert, -21, 0, Backstage passes to a TAFKAL80ETC concert, -26, 0, Conjured Mana Cake, -28, 0], 22: [+5 Dexterity Vest, -21, 0, Aged Brie, -29, 50, Elixir of the Mongoose, -26, 0, Sulfuras, Hand of Ragnaros, 0, 80, Sulfuras, Hand of Ragnaros, -1, 80, Backstage passes to a TAFKAL80ETC concert, -16, 0, Backstage passes to a TAFKAL80ETC concert, -21, 0, Backstage passes to a TAFKAL80ETC concert, -26, 0, Conjured Mana Cake, -28, 0], 23: [+5 Dexterity Vest, -21, 0, Aged Brie, -29, 50, Elixir of the Mongoose, -26, 0, Sulfuras, Hand of Ragnaros, 0, 80, Sulfuras, Hand of Ragnaros, -1, 80, Backstage passes to a TAFKAL80ETC concert, -16, 0, Backstage passes to a TAFKAL80ETC concert, -21, 0, Backstage passes to a TAFKAL80ETC concert, -26, 0, Conjured Mana Cake, -28, 0], 24: [+5 Dexterity Vest, -21, 0, Aged Brie, -29, 50, Elixir of the Mongoose, -26, 0, Sulfuras, Hand of Ragnaros, 0, 80, Sulfuras, Hand of Ragnaros, -1, 80, Backstage passes to a TAFKAL80ETC concert, -16, 0, Backstage passes to a TAFKAL80ETC concert, -21, 0, Backstage passes to a TAFKAL80ETC concert, -26, 0, Conjured Mana Cake, -28, 0], 25: [+5 Dexterity Vest, -21, 0, Aged Brie, -29, 50, Elixir of the Mongoose, -26, 0, Sulfuras, Hand of Ragnaros, 0, 80, Sulfuras, Hand of Ragnaros, -1, 80, Backstage passes to a TAFKAL80ETC concert, -16, 0, Backstage passes to a TAFKAL80ETC concert, -21, 0, Backstage passes to a TAFKAL80ETC concert, -26, 0, Conjured Mana Cake, -28, 0], 26: [+5 Dexterity Vest, -21, 0, Aged Brie, -29, 50, Elixir of the Mongoose, -26, 0, Sulfuras, Hand of Ragnaros, 0, 80, Sulfuras, Hand of Ragnaros, -1, 80, Backstage passes to a TAFKAL80ETC concert, -16, 0, Backstage passes to a TAFKAL80ETC concert, -21, 0, Backstage passes to a TAFKAL80ETC concert, -26, 0, Conjured Mana Cake, -28, 0], 27: [+5 Dexterity Vest, -21, 0, Aged Brie, -29, 50, Elixir of the Mongoose, -26, 0, Sulfuras, Hand of Ragnaros, 0, 80, Sulfuras, Hand of Ragnaros, -1, 80, Backstage passes to a TAFKAL80ETC concert, -16, 0, Backstage passes to a TAFKAL80ETC concert, -21, 0, Backstage passes to a TAFKAL80ETC concert, -26, 0, Conjured Mana Cake, -28, 0], 28: [+5 Dexterity Vest, -21, 0, Aged Brie, -29, 50, Elixir of the Mongoose, -26, 0, Sulfuras, Hand of Ragnaros, 0, 80, Sulfuras, Hand of Ragnaros, -1, 80, Backstage passes to a TAFKAL80ETC concert, -16, 0, Backstage passes to a TAFKAL80ETC concert, -21, 0, Backstage passes to a TAFKAL80ETC concert, -26, 0, Conjured Mana Cake, -28, 0], 29: [+5 Dexterity Vest, -21, 0, Aged Brie, -29, 50, Elixir of the Mongoose, -26, 0, Sulfuras, Hand of Ragnaros, 0, 80, Sulfuras, Hand of Ragnaros, -1, 80, Backstage passes to a TAFKAL80ETC concert, -16, 0, Backstage passes to a TAFKAL80ETC concert, -21, 0, Backstage passes to a TAFKAL80ETC concert, -26, 0, Conjured Mana Cake, -28, 0], 31: [+5 Dexterity Vest, -21, 0, Aged Brie, -29, 50, Elixir of the Mongoose, -26, 0, Sulfuras, Hand of Ragnaros, 0, 80, Sulfuras, Hand of Ragnaros, -1, 80, Backstage passes to a TAFKAL80ETC concert, -16, 0, Backstage passes to a TAFKAL80ETC concert, -21, 0, Backstage passes to a TAFKAL80ETC concert, -26, 0, Conjured Mana Cake, -28, 0]}
